// Jest Snapshot v1, https://goo.gl/fbAQLP

exports[`ContryWeatherComponent should render the ContryWeatherComponent Component correctly 1`] = `
<div>
  <h1>
    Weather Details
  </h1>
  <hr />
  <div>
    <div>
      temperature : 
    </div>
    <div>
      wind_speed : 
    </div>
    <div>
      precip : 
    </div>
    <div>
      weather_icons : 
      <img />
    </div>
  </div>
</div>
`;
